Copyright 1986-2022 Xilinx, Inc. All Rights Reserved. Copyright 2022-2025 Advanced Micro Devices, Inc. All Rights Reserved.
-------------------------------------------------------------------------------------------------------------------------------------------------
| Tool Version : Vivado v.2025.2 (win64) Build 6299465 Fri Nov 14 19:35:11 GMT 2025
| Date         : Thu Apr 23 15:40:27 2026
| Host         : RyanLaptop running 64-bit major release  (build 9200)
| Command      : report_utilization -file workout_classifier_wrapper_utilization_placed.rpt -pb workout_classifier_wrapper_utilization_placed.pb
| Design       : workout_classifier_wrapper
| Device       : xczu3eg-sfvc784-2-e
| Speed File   : -2
| Design State : Fully Placed
-------------------------------------------------------------------------------------------------------------------------------------------------

Utilization Design Information

Table of Contents
-----------------
1. CLB Logic
1.1 Summary of Registers by Type
2. CLB Logic Distribution
3. BLOCKRAM
4. ARITHMETIC
5. I/O
6. CLOCK
7. ADVANCED
8. CONFIGURATION
9. Primitives
10. Black Boxes
11. Instantiated Netlists

1. CLB Logic
------------

+----------------------------+-------+-------+------------+-----------+-------+
|          Site Type         |  Used | Fixed | Prohibited | Available | Util% |
+----------------------------+-------+-------+------------+-----------+-------+
| CLB LUTs                   | 56622 |     0 |          0 |     70560 | 80.25 |
|   LUT as Logic             | 50330 |     0 |          0 |     70560 | 71.33 |
|   LUT as Memory            |  6292 |     0 |          0 |     28800 | 21.85 |
|     LUT as Distributed RAM |  4138 |     0 |            |           |       |
|     LUT as Shift Register  |  2154 |     0 |            |           |       |
| CLB Registers              | 92709 |     0 |          0 |    141120 | 65.70 |
|   Register as Flip Flop    | 90815 |     0 |          0 |    141120 | 64.35 |
|   Register as Latch        |  1894 |     0 |          0 |    141120 |  1.34 |
| CARRY8                     |  1367 |     0 |          0 |      8820 | 15.50 |
| F7 Muxes                   |  2581 |     0 |          0 |     35280 |  7.32 |
| F8 Muxes                   |   152 |     0 |          0 |     17640 |  0.86 |
| F9 Muxes                   |     0 |     0 |          0 |      8820 |  0.00 |
| Unique Control Sets        |  3235 |       |          0 |     17640 | 18.34 |
+----------------------------+-------+-------+------------+-----------+-------+
* Warning! LUT value is adjusted to account for LUT combining.
** Note: Available Control Sets calculated as Slices * 2, Review the Control Sets Report for more information regarding control sets.


1.1 Summary of Registers by Type
--------------------------------

+-------+--------------+-------------+--------------+
| Total | Clock Enable | Synchronous | Asynchronous |
+-------+--------------+-------------+--------------+
| 0     |            _ |           - |            - |
| 0     |            _ |           - |          Set |
| 0     |            _ |           - |        Reset |
| 0     |            _ |         Set |            - |
| 0     |            _ |       Reset |            - |
| 0     |          Yes |           - |            - |
| 0     |          Yes |           - |          Set |
| 2044  |          Yes |           - |        Reset |
| 1189  |          Yes |         Set |            - |
| 89476 |          Yes |       Reset |            - |
+-------+--------------+-------------+--------------+


2. CLB Logic Distribution
-------------------------

+--------------------------------------------+-------+-------+------------+-----------+-------+
|                  Site Type                 |  Used | Fixed | Prohibited | Available | Util% |
+--------------------------------------------+-------+-------+------------+-----------+-------+
| CLB                                        |  8818 |     0 |          0 |      8820 | 99.98 |
|   CLBL                                     |  5220 |     0 |            |           |       |
|   CLBM                                     |  3598 |     0 |            |           |       |
| LUT as Logic                               | 50330 |     0 |          0 |     70560 | 71.33 |
|   using O5 output only                     |   721 |       |            |           |       |
|   using O6 output only                     | 32497 |       |            |           |       |
|   using O5 and O6                          | 17112 |       |            |           |       |
| LUT as Memory                              |  6292 |     0 |          0 |     28800 | 21.85 |
|   LUT as Distributed RAM                   |  4138 |     0 |            |           |       |
|     using O5 output only                   |     0 |       |            |           |       |
|     using O6 output only                   |  1682 |       |            |           |       |
|     using O5 and O6                        |  2456 |       |            |           |       |
|   LUT as Shift Register                    |  2154 |     0 |            |           |       |
|     using O5 output only                   |     0 |       |            |           |       |
|     using O6 output only                   |   369 |       |            |           |       |
|     using O5 and O6                        |  1785 |       |            |           |       |
| CLB Registers                              | 92709 |     0 |          0 |    141120 | 65.70 |
|   Register driven from within the CLB      | 48132 |       |            |           |       |
|   Register driven from outside the CLB     | 44577 |       |            |           |       |
|     LUT in front of the register is unused | 17387 |       |            |           |       |
|     LUT in front of the register is used   | 27190 |       |            |           |       |
+--------------------------------------------+-------+-------+------------+-----------+-------+


3. BLOCKRAM
-----------

+-------------------+-------+-------+------------+-----------+-------+
|     Site Type     |  Used | Fixed | Prohibited | Available | Util% |
+-------------------+-------+-------+------------+-----------+-------+
| Block RAM Tile    | 168.5 |     0 |          0 |       216 | 78.01 |
|   RAMB36/FIFO*    |   153 |     0 |          0 |       216 | 70.83 |
|     RAMB36E2 only |   153 |       |            |           |       |
|   RAMB18          |    31 |     0 |          0 |       432 |  7.18 |
|     RAMB18E2 only |    31 |       |            |           |       |
+-------------------+-------+-------+------------+-----------+-------+
* Note: Each Block RAM Tile only has one FIFO logic available and therefore can accommodate only one FIFO36E2 or one FIFO18E2. However, if a FIFO18E2 occupies a Block RAM Tile, that tile can still accommodate a RAMB18E2


4. ARITHMETIC
-------------

+----------------+------+-------+------------+-----------+-------+
|    Site Type   | Used | Fixed | Prohibited | Available | Util% |
+----------------+------+-------+------------+-----------+-------+
| DSPs           |  343 |     0 |          0 |       360 | 95.28 |
|   DSP48E2 only |  343 |       |            |           |       |
+----------------+------+-------+------------+-----------+-------+


5. I/O
------

+------------------+------+-------+------------+-----------+-------+
|     Site Type    | Used | Fixed | Prohibited | Available | Util% |
+------------------+------+-------+------------+-----------+-------+
| Bonded IOB       |    4 |     4 |          0 |       252 |  1.59 |
|   HPIOB_M        |    3 |     3 |          0 |        72 |  4.17 |
|     INPUT        |    3 |       |            |           |       |
|     OUTPUT       |    0 |       |            |           |       |
|     BIDIR        |    0 |       |            |           |       |
|   HPIOB_S        |    1 |     1 |          0 |        72 |  1.39 |
|     INPUT        |    1 |       |            |           |       |
|     OUTPUT       |    0 |       |            |           |       |
|     BIDIR        |    0 |       |            |           |       |
|   HDIOB_M        |    0 |     0 |          0 |        48 |  0.00 |
|   HDIOB_S        |    0 |     0 |          0 |        48 |  0.00 |
|   HPIOB_SNGL     |    0 |     0 |          0 |        12 |  0.00 |
| HPIOBDIFFINBUF   |    0 |     0 |          0 |        72 |  0.00 |
| HPIOBDIFFOUTBUF  |    0 |     0 |          0 |        72 |  0.00 |
| HDIOBDIFFINBUF   |    0 |     0 |          0 |        48 |  0.00 |
| BITSLICE_CONTROL |    0 |     0 |          0 |        24 |  0.00 |
| BITSLICE_RX_TX   |    0 |     0 |          0 |       936 |  0.00 |
| BITSLICE_TX      |    0 |     0 |          0 |        24 |  0.00 |
| RIU_OR           |    0 |     0 |          0 |        12 |  0.00 |
+------------------+------+-------+------------+-----------+-------+


6. CLOCK
--------

+------------+------+-------+------------+-----------+-------+
|  Site Type | Used | Fixed | Prohibited | Available | Util% |
+------------+------+-------+------------+-----------+-------+
| BUFGCE     |    2 |     0 |          0 |        88 |  2.27 |
| BUFGCE_DIV |    0 |     0 |          0 |        12 |  0.00 |
| BUFG_PS    |    1 |     0 |          0 |        72 |  1.39 |
| BUFGCTRL*  |    0 |     0 |          0 |        24 |  0.00 |
| PLL        |    0 |     0 |          0 |         6 |  0.00 |
| MMCM       |    0 |     0 |          0 |         3 |  0.00 |
+------------+------+-------+------------+-----------+-------+
* Note: Each used BUFGCTRL counts as two GLOBAL CLOCK BUFFERs. This table does not include global clocking resources, only buffer cell usage. See the Clock Utilization Report (report_clock_utilization) for detailed accounting of global clocking resource availability.


7. ADVANCED
-----------

+-----------+------+-------+------------+-----------+--------+
| Site Type | Used | Fixed | Prohibited | Available |  Util% |
+-----------+------+-------+------------+-----------+--------+
| PS8       |    1 |     0 |          0 |         1 | 100.00 |
| SYSMONE4  |    0 |     0 |          0 |         1 |   0.00 |
+-----------+------+-------+------------+-----------+--------+


8. CONFIGURATION
----------------

+-------------+------+-------+------------+-----------+-------+
|  Site Type  | Used | Fixed | Prohibited | Available | Util% |
+-------------+------+-------+------------+-----------+-------+
| BSCANE2     |    0 |     0 |          0 |         4 |  0.00 |
| DNA_PORTE2  |    0 |     0 |          0 |         1 |  0.00 |
| EFUSE_USR   |    0 |     0 |          0 |         1 |  0.00 |
| FRAME_ECCE4 |    0 |     0 |          0 |         1 |  0.00 |
| ICAPE3      |    0 |     0 |          0 |         2 |  0.00 |
| MASTER_JTAG |    0 |     0 |          0 |         1 |  0.00 |
| STARTUPE3   |    0 |     0 |          0 |         1 |  0.00 |
+-------------+------+-------+------------+-----------+-------+


9. Primitives
-------------

+----------+-------+---------------------+
| Ref Name |  Used | Functional Category |
+----------+-------+---------------------+
| FDRE     | 89476 |            Register |
| LUT6     | 20999 |                 CLB |
| LUT3     | 19266 |                 CLB |
| LUT4     | 11004 |                 CLB |
| LUT2     |  7591 |                 CLB |
| LUT5     |  7495 |                 CLB |
| RAMD32   |  4282 |                 CLB |
| SRL16E   |  3903 |                 CLB |
| MUXF7    |  2581 |                 CLB |
| LDCE     |  1894 |            Register |
| RAMD64E  |  1658 |                 CLB |
| CARRY8   |  1367 |                 CLB |
| FDSE     |  1189 |            Register |
| LUT1     |  1087 |                 CLB |
| RAMS32   |   654 |                 CLB |
| DSP48E2  |   343 |          Arithmetic |
| RAMB36E2 |   153 |            BLOCKRAM |
| MUXF8    |   152 |                 CLB |
| FDCE     |   150 |            Register |
| SRLC32E  |    36 |                 CLB |
| RAMB18E2 |    31 |            BLOCKRAM |
| INBUF    |     4 |                 I/O |
| IBUFCTRL |     4 |              Others |
| BUFGCE   |     2 |               Clock |
| PS8      |     1 |            Advanced |
| BUFG_PS  |     1 |               Clock |
+----------+-------+---------------------+


10. Black Boxes
---------------

+----------+------+
| Ref Name | Used |
+----------+------+


11. Instantiated Netlists
-------------------------

+----------------------------------------+------+
|                Ref Name                | Used |
+----------------------------------------+------+
| workout_classifier_zynq_ultra_ps_e_0_0 |    1 |
| workout_classifier_rst_ps8_0_96M_0     |    1 |
| workout_classifier_mlp_controller_0_7  |    1 |
| workout_classifier_dpuczdx8g_0_0       |    1 |
| workout_classifier_axi_smc_0           |    1 |
| workout_classifier_axi_gpio_0_0        |    1 |
+----------------------------------------+------+


